02-03-2025 16:15:50 RAM 437/7620MB (lfb 4x4MB) SWAP 0/16384MB (cached 0MB) CPU [0%@729,0%@729,0%@729,0%@729,0%@729,1%@729] GR3D_FREQ 0% cpu@43.875C soc2@43.125C soc0@43.968C gpu@43.718C tj@43.968C soc1@42.718C VDD_IN 2997mW/2997mW VDD_CPU_GPU_CV 485mW/485mW VDD_SOC 1011mW/1011mW
02-03-2025 16:15:51 RAM 437/7620MB (lfb 4x4MB) SWAP 0/16384MB (cached 0MB) CPU [0%@729,0%@729,0%@729,0%@729,0%@729,0%@729] GR3D_FREQ 0% cpu@44.125C soc2@43.062C soc0@43.812C gpu@43.781C tj@44.125C soc1@42.718C VDD_IN 2997mW/2997mW VDD_CPU_GPU_CV 485mW/485mW VDD_SOC 1011mW/1011mW
02-03-2025 16:15:52 RAM 437/7620MB (lfb 4x4MB) SWAP 0/16384MB (cached 0MB) CPU [0%@729,0%@729,0%@729,0%@729,0%@729,0%@729] GR3D_FREQ 0% cpu@44C soc2@43.125C soc0@43.968C gpu@43.718C tj@44C soc1@42.656C VDD_IN 2997mW/2997mW VDD_CPU_GPU_CV 485mW/485mW VDD_SOC 1011mW/1011mW
02-03-2025 16:15:53 RAM 437/7620MB (lfb 4x4MB) SWAP 0/16384MB (cached 0MB) CPU [0%@729,0%@729,0%@729,0%@729,0%@729,0%@729] GR3D_FREQ 0% cpu@44.062C soc2@43.031C soc0@43.812C gpu@43.906C tj@44.062C soc1@42.625C VDD_IN 2997mW/2997mW VDD_CPU_GPU_CV 485mW/485mW VDD_SOC 1011mW/1011mW
02-03-2025 16:15:54 RAM 437/7620MB (lfb 4x4MB) SWAP 0/16384MB (cached 0MB) CPU [0%@729,0%@729,0%@729,0%@729,0%@729,0%@729] GR3D_FREQ 0% cpu@44.187C soc2@43.125C soc0@43.812C gpu@43.75C tj@44.187C soc1@42.812C VDD_IN 2997mW/2997mW VDD_CPU_GPU_CV 485mW/485mW VDD_SOC 1011mW/1011mW
02-03-2025 16:15:55 RAM 437/7620MB (lfb 4x4MB) SWAP 0/16384MB (cached 0MB) CPU [0%@729,0%@729,0%@729,0%@729,0%@729,0%@729] GR3D_FREQ 0% cpu@43.875C soc2@43.093C soc0@43.906C gpu@43.843C tj@43.906C soc1@42.656C VDD_IN 3038mW/3003mW VDD_CPU_GPU_CV 485mW/485mW VDD_SOC 1051mW/1017mW
02-03-2025 16:15:56 RAM 437/7620MB (lfb 4x4MB) SWAP 0/16384MB (cached 0MB) CPU [0%@729,0%@729,0%@729,0%@729,0%@729,0%@729] GR3D_FREQ 0% cpu@44.031C soc2@43.187C soc0@44.031C gpu@43.968C tj@44.031C soc1@42.718C VDD_IN 2997mW/3002mW VDD_CPU_GPU_CV 485mW/485mW VDD_SOC 1011mW/1016mW
02-03-2025 16:15:57 RAM 437/7620MB (lfb 4x4MB) SWAP 0/16384MB (cached 0MB) CPU [0%@729,0%@729,0%@729,0%@729,0%@729,0%@729] GR3D_FREQ 0% cpu@44.093C soc2@43.125C soc0@43.875C gpu@43.75C tj@44.093C soc1@42.656C VDD_IN 2997mW/3002mW VDD_CPU_GPU_CV 485mW/485mW VDD_SOC 1011mW/1016mW
02-03-2025 16:15:58 RAM 437/7620MB (lfb 4x4MB) SWAP 0/16384MB (cached 0MB) CPU [0%@729,0%@729,0%@729,0%@729,0%@729,0%@729] GR3D_FREQ 0% cpu@44.062C soc2@43.218C soc0@43.781C gpu@43.906C tj@44.062C soc1@42.718C VDD_IN 2997mW/3001mW VDD_CPU_GPU_CV 485mW/485mW VDD_SOC 1011mW/1015mW
02-03-2025 16:15:59 RAM 437/7620MB (lfb 4x4MB) SWAP 0/16384MB (cached 0MB) CPU [0%@729,0%@729,0%@729,0%@729,0%@729,0%@729] GR3D_FREQ 0% cpu@44.156C soc2@43.031C soc0@43.812C gpu@44C tj@44.156C soc1@42.781C VDD_IN 2997mW/3001mW VDD_CPU_GPU_CV 485mW/485mW VDD_SOC 1011mW/1015mW
02-03-2025 16:16:00 RAM 437/7620MB (lfb 4x4MB) SWAP 0/16384MB (cached 0MB) CPU [0%@729,0%@729,0%@729,0%@729,0%@729,0%@729] GR3D_FREQ 0% cpu@43.937C soc2@43.156C soc0@43.906C gpu@43.812C tj@43.937C soc1@42.937C VDD_IN 2997mW/3000mW VDD_CPU_GPU_CV 485mW/485mW VDD_SOC 1011mW/1014mW
02-03-2025 16:16:01 RAM 437/7620MB (lfb 4x4MB) SWAP 0/16384MB (cached 0MB) CPU [0%@729,0%@729,0%@729,0%@729,0%@729,0%@729] GR3D_FREQ 0% cpu@44.031C soc2@43.093C soc0@43.812C gpu@43.75C tj@44.062C soc1@42.75C VDD_IN 2997mW/3000mW VDD_CPU_GPU_CV 485mW/485mW VDD_SOC 1011mW/1014mW
02-03-2025 16:16:02 RAM 437/7620MB (lfb 4x4MB) SWAP 0/16384MB (cached 0MB) CPU [0%@729,0%@729,0%@729,0%@729,0%@729,0%@729] GR3D_FREQ 0% cpu@44.093C soc2@43.062C soc0@43.843C gpu@43.812C tj@43.906C soc1@42.781C VDD_IN 3038mW/3003mW VDD_CPU_GPU_CV 485mW/485mW VDD_SOC 1051mW/1017mW
02-03-2025 16:16:03 RAM 437/7620MB (lfb 4x4MB) SWAP 0/16384MB (cached 0MB) CPU [0%@729,0%@729,0%@729,0%@729,0%@729,0%@729] GR3D_FREQ 0% cpu@43.968C soc2@43.125C soc0@43.968C gpu@43.937C tj@43.968C soc1@42.687C VDD_IN 2997mW/3002mW VDD_CPU_GPU_CV 485mW/485mW VDD_SOC 1011mW/1016mW
02-03-2025 16:16:04 RAM 437/7620MB (lfb 4x4MB) SWAP 0/16384MB (cached 0MB) CPU [0%@729,0%@729,0%@729,0%@729,0%@729,0%@729] GR3D_FREQ 0% cpu@44.125C soc2@43.093C soc0@43.812C gpu@43.75C tj@44.125C soc1@42.875C VDD_IN 2997mW/3002mW VDD_CPU_GPU_CV 485mW/485mW VDD_SOC 1011mW/1016mW
02-03-2025 16:16:05 RAM 437/7620MB (lfb 4x4MB) SWAP 0/16384MB (cached 0MB) CPU [1%@729,0%@729,0%@729,0%@729,0%@729,0%@729] GR3D_FREQ 0% cpu@44.218C soc2@43.062C soc0@43.937C gpu@43.937C tj@44.218C soc1@42.687C VDD_IN 2997mW/3002mW VDD_CPU_GPU_CV 485mW/485mW VDD_SOC 1011mW/1016mW
02-03-2025 16:16:06 RAM 437/7620MB (lfb 4x4MB) SWAP 0/16384MB (cached 0MB) CPU [0%@729,0%@729,0%@729,0%@729,0%@729,0%@729] GR3D_FREQ 0% cpu@44C soc2@43.093C soc0@44.031C gpu@44.031C tj@44.031C soc1@42.625C VDD_IN 2997mW/3001mW VDD_CPU_GPU_CV 485mW/485mW VDD_SOC 1011mW/1015mW
02-03-2025 16:16:07 RAM 437/7620MB (lfb 4x4MB) SWAP 0/16384MB (cached 0MB) CPU [0%@729,0%@729,0%@729,0%@729,0%@729,0%@729] GR3D_FREQ 0% cpu@44.062C soc2@43.062C soc0@43.843C gpu@43.843C tj@44.062C soc1@42.75C VDD_IN 2997mW/3001mW VDD_CPU_GPU_CV 485mW/485mW VDD_SOC 1011mW/1015mW
02-03-2025 16:16:08 RAM 437/7620MB (lfb 4x4MB) SWAP 0/16384MB (cached 0MB) CPU [0%@729,0%@729,0%@729,0%@729,0%@729,0%@729] GR3D_FREQ 0% cpu@44.218C soc2@43.125C soc0@43.843C gpu@43.937C tj@44.218C soc1@42.75C VDD_IN 2997mW/3001mW VDD_CPU_GPU_CV 485mW/485mW VDD_SOC 1011mW/1015mW
02-03-2025 16:16:09 RAM 437/7620MB (lfb 4x4MB) SWAP 0/16384MB (cached 0MB) CPU [0%@729,0%@729,0%@729,0%@729,0%@729,0%@729] GR3D_FREQ 0% cpu@43.906C soc2@43.156C soc0@43.968C gpu@44C tj@44C soc1@42.687C VDD_IN 2997mW/3001mW VDD_CPU_GPU_CV 485mW/485mW VDD_SOC 1011mW/1015mW
02-03-2025 16:16:10 RAM 437/7620MB (lfb 4x4MB) SWAP 0/16384MB (cached 0MB) CPU [0%@729,0%@729,0%@729,0%@729,0%@729,0%@729] GR3D_FREQ 0% cpu@43.937C soc2@43.031C soc0@43.875C gpu@43.75C tj@43.937C soc1@42.687C VDD_IN 2997mW/3000mW VDD_CPU_GPU_CV 485mW/485mW VDD_SOC 1051mW/1016mW
02-03-2025 16:16:11 RAM 437/7620MB (lfb 4x4MB) SWAP 0/16384MB (cached 0MB) CPU [0%@729,0%@729,0%@729,0%@729,0%@729,0%@729] GR3D_FREQ 0% cpu@44.156C soc2@43.156C soc0@43.906C gpu@43.843C tj@44.156C soc1@42.656C VDD_IN 2997mW/3000mW VDD_CPU_GPU_CV 485mW/485mW VDD_SOC 1011mW/1016mW
02-03-2025 16:16:12 RAM 437/7620MB (lfb 4x4MB) SWAP 0/16384MB (cached 0MB) CPU [0%@729,0%@729,0%@729,0%@729,0%@729,0%@729] GR3D_FREQ 0% cpu@44.281C soc2@43.125C soc0@44.031C gpu@43.968C tj@44.281C soc1@42.687C VDD_IN 2997mW/3000mW VDD_CPU_GPU_CV 485mW/485mW VDD_SOC 1011mW/1016mW
02-03-2025 16:16:13 RAM 437/7620MB (lfb 4x4MB) SWAP 0/16384MB (cached 0MB) CPU [0%@729,0%@729,0%@729,0%@729,0%@729,0%@729] GR3D_FREQ 0% cpu@43.906C soc2@43.031C soc0@43.781C gpu@44C tj@44.031C soc1@42.687C VDD_IN 2997mW/3000mW VDD_CPU_GPU_CV 485mW/485mW VDD_SOC 1011mW/1016mW
02-03-2025 16:16:14 RAM 437/7620MB (lfb 4x4MB) SWAP 0/16384MB (cached 0MB) CPU [0%@729,0%@729,0%@729,0%@729,0%@729,0%@729] GR3D_FREQ 0% cpu@44.062C soc2@43.093C soc0@43.937C gpu@43.843C tj@44C soc1@42.875C VDD_IN 2997mW/3000mW VDD_CPU_GPU_CV 485mW/485mW VDD_SOC 1011mW/1015mW
02-03-2025 16:16:15 RAM 437/7620MB (lfb 4x4MB) SWAP 0/16384MB (cached 0MB) CPU [0%@729,0%@729,0%@729,0%@729,0%@729,0%@729] GR3D_FREQ 0% cpu@44.25C soc2@43.156C soc0@43.937C gpu@44.062C tj@44.062C soc1@42.781C VDD_IN 2997mW/3000mW VDD_CPU_GPU_CV 485mW/485mW VDD_SOC 1011mW/1015mW
02-03-2025 16:16:16 RAM 437/7620MB (lfb 4x4MB) SWAP 0/16384MB (cached 0MB) CPU [0%@729,0%@729,0%@729,0%@729,0%@729,0%@729] GR3D_FREQ 0% cpu@44.156C soc2@43.125C soc0@43.75C gpu@43.875C tj@44.156C soc1@42.875C VDD_IN 2997mW/3000mW VDD_CPU_GPU_CV 485mW/485mW VDD_SOC 1011mW/1015mW
02-03-2025 16:16:17 RAM 437/7620MB (lfb 4x4MB) SWAP 0/16384MB (cached 0MB) CPU [0%@729,0%@729,0%@729,0%@729,0%@729,0%@729] GR3D_FREQ 0% cpu@44.187C soc2@43.156C soc0@43.906C gpu@44.062C tj@44.187C soc1@42.718C VDD_IN 3038mW/3001mW VDD_CPU_GPU_CV 485mW/485mW VDD_SOC 1051mW/1016mW
02-03-2025 16:16:18 RAM 437/7620MB (lfb 4x4MB) SWAP 0/16384MB (cached 0MB) CPU [0%@729,0%@729,0%@729,0%@729,0%@729,0%@729] GR3D_FREQ 0% cpu@43.875C soc2@43.093C soc0@43.906C gpu@44.062C tj@44.062C soc1@42.718C VDD_IN 2997mW/3001mW VDD_CPU_GPU_CV 485mW/485mW VDD_SOC 1051mW/1017mW
02-03-2025 16:16:19 RAM 437/7620MB (lfb 4x4MB) SWAP 0/16384MB (cached 0MB) CPU [0%@729,0%@729,1%@729,0%@729,0%@729,0%@729] GR3D_FREQ 0% cpu@44.093C soc2@43.031C soc0@43.843C gpu@43.812C tj@44.093C soc1@42.875C VDD_IN 2997mW/3001mW VDD_CPU_GPU_CV 485mW/485mW VDD_SOC 1011mW/1017mW
02-03-2025 16:16:20 RAM 437/7620MB (lfb 4x4MB) SWAP 0/16384MB (cached 0MB) CPU [0%@729,0%@729,0%@729,0%@729,0%@729,0%@729] GR3D_FREQ 0% cpu@44.156C soc2@43.093C soc0@43.906C gpu@44.031C tj@44.156C soc1@42.781C VDD_IN 2997mW/3000mW VDD_CPU_GPU_CV 485mW/485mW VDD_SOC 1011mW/1017mW
02-03-2025 16:16:21 RAM 437/7620MB (lfb 4x4MB) SWAP 0/16384MB (cached 0MB) CPU [0%@729,0%@729,0%@729,0%@729,0%@729,0%@729] GR3D_FREQ 0% cpu@43.906C soc2@43.187C soc0@43.906C gpu@44.125C tj@44.156C soc1@42.75C VDD_IN 2997mW/3000mW VDD_CPU_GPU_CV 485mW/485mW VDD_SOC 1011mW/1017mW
02-03-2025 16:16:22 RAM 437/7620MB (lfb 4x4MB) SWAP 0/16384MB (cached 0MB) CPU [0%@729,0%@729,0%@729,0%@729,0%@729,0%@729] GR3D_FREQ 0% cpu@44.156C soc2@43.031C soc0@43.843C gpu@43.875C tj@44.218C soc1@42.843C VDD_IN 2997mW/3000mW VDD_CPU_GPU_CV 485mW/485mW VDD_SOC 1011mW/1017mW
02-03-2025 16:16:23 RAM 437/7620MB (lfb 4x4MB) SWAP 0/16384MB (cached 0MB) CPU [0%@729,0%@729,0%@729,0%@729,0%@729,0%@729] GR3D_FREQ 0% cpu@44.156C soc2@43.125C soc0@43.875C gpu@43.843C tj@44.156C soc1@42.875C VDD_IN 2997mW/3000mW VDD_CPU_GPU_CV 485mW/485mW VDD_SOC 1051mW/1018mW
02-03-2025 16:16:24 RAM 437/7620MB (lfb 4x4MB) SWAP 0/16384MB (cached 0MB) CPU [0%@729,0%@729,0%@729,0%@729,0%@729,0%@729] GR3D_FREQ 0% cpu@43.906C soc2@43.187C soc0@43.968C gpu@44.093C tj@44.093C soc1@42.687C VDD_IN 2997mW/3000mW VDD_CPU_GPU_CV 485mW/485mW VDD_SOC 1011mW/1017mW
02-03-2025 16:16:25 RAM 437/7620MB (lfb 4x4MB) SWAP 0/16384MB (cached 0MB) CPU [0%@729,0%@729,0%@729,0%@729,0%@729,0%@729] GR3D_FREQ 0% cpu@44.093C soc2@43.125C soc0@43.843C gpu@44.062C tj@44.187C soc1@42.812C VDD_IN 2997mW/3000mW VDD_CPU_GPU_CV 485mW/485mW VDD_SOC 1051mW/1018mW
02-03-2025 16:16:26 RAM 437/7620MB (lfb 4x4MB) SWAP 0/16384MB (cached 0MB) CPU [0%@729,0%@729,0%@729,0%@729,0%@729,0%@729] GR3D_FREQ 0% cpu@44.093C soc2@43.093C soc0@43.843C gpu@43.937C tj@44.093C soc1@42.812C VDD_IN 2997mW/3000mW VDD_CPU_GPU_CV 485mW/485mW VDD_SOC 1011mW/1018mW
02-03-2025 16:16:27 RAM 434/7620MB (lfb 4x4MB) SWAP 0/16384MB (cached 0MB) CPU [6%@729,12%@729,8%@729,5%@729,3%@729,0%@729] GR3D_FREQ 0% cpu@44.5C soc2@43.125C soc0@43.906C gpu@43.906C tj@44.062C soc1@42.812C VDD_IN 3357mW/3009mW VDD_CPU_GPU_CV 606mW/488mW VDD_SOC 1051mW/1019mW
02-03-2025 16:16:28 RAM 434/7620MB (lfb 5x4MB) SWAP 0/16384MB (cached 0MB) CPU [0%@729,2%@729,0%@729,1%@729,0%@729,0%@729] GR3D_FREQ 0% cpu@44.031C soc2@43.093C soc0@43.875C gpu@44.187C tj@44.187C soc1@42.812C VDD_IN 3235mW/3015mW VDD_CPU_GPU_CV 525mW/489mW VDD_SOC 1051mW/1020mW
02-03-2025 16:16:29 RAM 434/7620MB (lfb 4x4MB) SWAP 0/16384MB (cached 0MB) CPU [0%@729,3%@729,0%@729,1%@729,0%@729,0%@729] GR3D_FREQ 0% cpu@44.25C soc2@43.125C soc0@43.906C gpu@43.875C tj@44.25C soc1@42.937C VDD_IN 3235mW/3020mW VDD_CPU_GPU_CV 485mW/489mW VDD_SOC 1051mW/1021mW
02-03-2025 16:16:30 RAM 436/7620MB (lfb 6x4MB) SWAP 0/16384MB (cached 0MB) CPU [5%@729,72%@729,8%@729,3%@729,0%@729,0%@729] GR3D_FREQ 0% cpu@44.156C soc2@43.25C soc0@44.093C gpu@44C tj@44.156C soc1@42.75C VDD_IN 3923mW/3042mW VDD_CPU_GPU_CV 888mW/498mW VDD_SOC 1213mW/1025mW
02-03-2025 16:16:31 RAM 436/7620MB (lfb 6x4MB) SWAP 0/16384MB (cached 0MB) CPU [1%@729,0%@729,0%@729,0%@729,0%@729,0%@729] GR3D_FREQ 0% cpu@44.312C soc2@43.187C soc0@43.906C gpu@43.906C tj@44.312C soc1@42.875C VDD_IN 3119mW/3044mW VDD_CPU_GPU_CV 525mW/499mW VDD_SOC 1051mW/1026mW
02-03-2025 16:16:32 RAM 436/7620MB (lfb 6x4MB) SWAP 0/16384MB (cached 0MB) CPU [0%@729,0%@729,0%@729,0%@729,0%@729,0%@729] GR3D_FREQ 0% cpu@44.125C soc2@43.218C soc0@44.125C gpu@44.187C tj@44.187C soc1@42.75C VDD_IN 3038mW/3044mW VDD_CPU_GPU_CV 485mW/499mW VDD_SOC 1051mW/1026mW
02-03-2025 16:16:33 RAM 436/7620MB (lfb 6x4MB) SWAP 0/16384MB (cached 0MB) CPU [0%@729,1%@729,0%@729,0%@729,0%@729,0%@729] GR3D_FREQ 0% cpu@44.25C soc2@43.156C soc0@44.125C gpu@44.187C tj@44.25C soc1@42.781C VDD_IN 3038mW/3044mW VDD_CPU_GPU_CV 485mW/498mW VDD_SOC 1011mW/1026mW
02-03-2025 16:16:34 RAM 436/7620MB (lfb 6x4MB) SWAP 0/16384MB (cached 0MB) CPU [0%@729,0%@729,0%@729,0%@729,0%@729,0%@729] GR3D_FREQ 0% cpu@44.406C soc2@43.156C soc0@43.968C gpu@43.906C tj@44.406C soc1@42.937C VDD_IN 2997mW/3043mW VDD_CPU_GPU_CV 485mW/498mW VDD_SOC 1051mW/1027mW
02-03-2025 16:16:35 RAM 436/7620MB (lfb 6x4MB) SWAP 0/16384MB (cached 0MB) CPU [0%@729,0%@729,0%@729,0%@729,0%@729,0%@729] GR3D_FREQ 0% cpu@44.156C soc2@43.156C soc0@43.937C gpu@44.312C tj@44.312C soc1@42.75C VDD_IN 2997mW/3042mW VDD_CPU_GPU_CV 485mW/498mW VDD_SOC 1051mW/1027mW
02-03-2025 16:16:36 RAM 436/7620MB (lfb 6x4MB) SWAP 0/16384MB (cached 0MB) CPU [0%@729,0%@729,0%@729,0%@729,0%@729,0%@729] GR3D_FREQ 0% cpu@44.031C soc2@43.156C soc0@43.906C gpu@43.968C tj@44.031C soc1@42.812C VDD_IN 2997mW/3041mW VDD_CPU_GPU_CV 485mW/497mW VDD_SOC 1011mW/1027mW
02-03-2025 16:16:37 RAM 436/7620MB (lfb 6x4MB) SWAP 0/16384MB (cached 0MB) CPU [0%@729,0%@729,0%@729,0%@729,0%@729,0%@729] GR3D_FREQ 0% cpu@44.281C soc2@43.187C soc0@44.031C gpu@44.25C tj@44.25C soc1@42.718C VDD_IN 2997mW/3040mW VDD_CPU_GPU_CV 485mW/497mW VDD_SOC 1011mW/1026mW
02-03-2025 16:16:38 RAM 436/7620MB (lfb 6x4MB) SWAP 0/16384MB (cached 0MB) CPU [1%@729,0%@729,0%@729,0%@729,0%@729,0%@729] GR3D_FREQ 0% cpu@44.062C soc2@43.125C soc0@43.875C gpu@44C tj@44.062C soc1@42.812C VDD_IN 2997mW/3039mW VDD_CPU_GPU_CV 485mW/497mW VDD_SOC 1051mW/1027mW
02-03-2025 16:16:39 RAM 436/7620MB (lfb 6x4MB) SWAP 0/16384MB (cached 0MB) CPU [0%@729,0%@729,0%@729,0%@729,0%@729,0%@729] GR3D_FREQ 0% cpu@44.312C soc2@43.156C soc0@43.968C gpu@44C tj@44C soc1@42.75C VDD_IN 3038mW/3039mW VDD_CPU_GPU_CV 485mW/497mW VDD_SOC 1051mW/1027mW
02-03-2025 16:16:40 RAM 436/7620MB (lfb 6x4MB) SWAP 0/16384MB (cached 0MB) CPU [0%@729,0%@729,0%@729,0%@729,0%@729,0%@729] GR3D_FREQ 0% cpu@44.218C soc2@43.062C soc0@43.906C gpu@44.093C tj@44.218C soc1@42.812C VDD_IN 2997mW/3038mW VDD_CPU_GPU_CV 485mW/496mW VDD_SOC 1011mW/1027mW
02-03-2025 16:16:41 RAM 436/7620MB (lfb 6x4MB) SWAP 0/16384MB (cached 0MB) CPU [0%@729,0%@729,0%@729,0%@729,0%@729,0%@729] GR3D_FREQ 0% cpu@44.312C soc2@43.187C soc0@44C gpu@43.906C tj@44.312C soc1@42.75C VDD_IN 2997mW/3037mW VDD_CPU_GPU_CV 485mW/496mW VDD_SOC 1011mW/1027mW
02-03-2025 16:16:42 RAM 436/7620MB (lfb 6x4MB) SWAP 0/16384MB (cached 0MB) CPU [0%@729,0%@729,0%@729,0%@729,0%@729,0%@729] GR3D_FREQ 0% cpu@44.25C soc2@43.187C soc0@43.968C gpu@44.187C tj@44.25C soc1@42.906C VDD_IN 2997mW/3037mW VDD_CPU_GPU_CV 485mW/496mW VDD_SOC 1051mW/1027mW
02-03-2025 16:16:43 RAM 436/7620MB (lfb 6x4MB) SWAP 0/16384MB (cached 0MB) CPU [1%@729,0%@729,0%@729,0%@729,0%@729,0%@729] GR3D_FREQ 0% cpu@44.312C soc2@43.187C soc0@44.031C gpu@44.25C tj@44.312C soc1@42.781C VDD_IN 2997mW/3036mW VDD_CPU_GPU_CV 485mW/496mW VDD_SOC 1011mW/1027mW
02-03-2025 16:16:44 RAM 436/7620MB (lfb 6x4MB) SWAP 0/16384MB (cached 0MB) CPU [0%@729,0%@729,0%@729,0%@729,0%@729,0%@729] GR3D_FREQ 0% cpu@44.093C soc2@43.156C soc0@44.062C gpu@44.187C tj@44.187C soc1@42.843C VDD_IN 2997mW/3035mW VDD_CPU_GPU_CV 485mW/495mW VDD_SOC 1011mW/1027mW
02-03-2025 16:16:45 RAM 436/7620MB (lfb 6x4MB) SWAP 0/16384MB (cached 0MB) CPU [0%@729,0%@729,0%@729,0%@729,0%@729,0%@729] GR3D_FREQ 0% cpu@44.406C soc2@43.156C soc0@43.968C gpu@44C tj@44.406C soc1@42.843C VDD_IN 2997mW/3035mW VDD_CPU_GPU_CV 485mW/495mW VDD_SOC 1011mW/1026mW
02-03-2025 16:16:46 RAM 436/7620MB (lfb 6x4MB) SWAP 0/16384MB (cached 0MB) CPU [0%@729,0%@729,0%@729,0%@729,0%@729,0%@729] GR3D_FREQ 0% cpu@44.343C soc2@43.218C soc0@44C gpu@43.937C tj@44.343C soc1@42.843C VDD_IN 2997mW/3034mW VDD_CPU_GPU_CV 485mW/495mW VDD_SOC 1011mW/1026mW
02-03-2025 16:16:47 RAM 436/7620MB (lfb 6x4MB) SWAP 0/16384MB (cached 0MB) CPU [0%@729,1%@729,0%@729,0%@729,0%@729,0%@729] GR3D_FREQ 0% cpu@44.125C soc2@43.187C soc0@44.156C gpu@44.218C tj@44.218C soc1@42.812C VDD_IN 3038mW/3034mW VDD_CPU_GPU_CV 485mW/495mW VDD_SOC 1051mW/1026mW
02-03-2025 16:16:48 RAM 436/7620MB (lfb 6x4MB) SWAP 0/16384MB (cached 0MB) CPU [0%@729,0%@729,0%@729,0%@729,0%@729,0%@729] GR3D_FREQ 0% cpu@44.437C soc2@43.156C soc0@43.875C gpu@43.937C tj@44.437C soc1@42.781C VDD_IN 2997mW/3033mW VDD_CPU_GPU_CV 485mW/495mW VDD_SOC 1011mW/1026mW
